
> vite_react_shadcn_ts@0.0.0 build
> vite build

[36mvite v5.4.19 [32mbuilding for production...[36m[39m
transforming...
cmd : Browserslist: browsers data (caniuse-lite) is 9 months old. Please run:
At line:1 char:1
+ cmd /c npm run build > build_output.txt 2>&1
+ ~~~~~~~~~~~~~~~~~~~~~~~~~~~~~~~~~~~~~~~~~~~~
    + CategoryInfo          : NotSpecified: (Browserslist: b...ld. Please run::String) [], RemoteException
    + FullyQualifiedErrorId : NativeCommandError
 
  npx update-browserslist-db@latest
  Why you should do it regularly: https://github.com/browserslist/update-db#readme
[33m[vite:css] @import must precede all other statements (besides @charset or empty @layer)
3  |  @tailwind utilities;
4  |  
5  |  @import url('https://fonts.googleapis.com/css2?family=Inter:wght@300;400;500;600;700;800&family=JetBrains+Mono:wg
ht@400;500&display=swap');
   |  ^^^^^^^^^^^^^^^^^^^^^^^^^^^^^^^^^^^^^^^^^^^^^^^^^^^^^^^^^^^^^^^^^^^^^^^^^^^^^^^^^^^^^^^^^^^^^^^^^^^^^^^^^^^^^^^^^
^^^^^^^^^^^^^^^^^^^^^^^^^^
6  |  
7  |  @layer base {[39m
[32mÔ£ô[39m 2915 modules transformed.
rendering chunks...
computing gzip size...
[2mdist/[22m[32mindex.html                 [39m[1m[2m    1.47 kB[22m[1m[22m[2m Ôöé gzip:   0.61 kB[22m
[2mdist/[22m[35massets/index-CoIvemOJ.css  [39m[1m[2m   79.10 kB[22m[1m[22m[2m Ôöé gzip:  13.17 kB[22m
[2mdist/[22m[36massets/index-D2g2uq01.js   [39m[1m[33m1,410.87 kB[39m[22m[2m Ôöé gzip: 392.41 kB[22m
[33m
(!) Some chunks are larger than 500 kB after minification. Consider:
- Using dynamic import() to code-split the application
- Use build.rollupOptions.output.manualChunks to improve chunking: 
https://rollupjs.org/configuration-options/#output-manualchunks
- Adjust chunk size limit for this warning via build.chunkSizeWarningLimit.[39m
[32mÔ£ô built in 10.12s[39m
